Microchip MPLAB XC8 Compiler V1.40 ()

Linker command line:

-W-3 --edf=C:\Program Files (x86)\Microchip\xc8\v1.40\dat\en_msgs.txt -cs \
  -h+dist/default/production\LF1937-F1.X.production.sym \
  --cmf=dist/default/production\LF1937-F1.X.production.cmf -z -Q16LF1937 \
  -oC:\Users\c16826\AppData\Local\Temp\s8r8.2 \
  -Mdist/default/production/LF1937-F1.X.production.map -E1 -ver=XC8 \
  -ASTACK=0200Ah-021efh -pstack=STACK -ACODE=00h-07FFhx4 \
  -ASTRCODE=00h-01FFFh -ASTRING=00h-0FFhx32 -ACONST=00h-0FFhx32 \
  -AENTRY=00h-0FFhx32 -ACOMMON=070h-07Fh -ABANK0=020h-06Fh \
  -ABANK1=0A0h-0EFh -ABANK2=0120h-016Fh -ABANK3=01A0h-01EFh \
  -ABANK4=0220h-026Fh -ABANK5=02A0h-02EFh -ABANK6=0320h-032Fh \
  -ABIGRAM=02000h-021EFh \
  -ARAM=020h-06Fh,0A0h-0EFh,0120h-016Fh,01A0h-01EFh,0220h-026Fh,02A0h-02EFh,0320h-032Fh \
  -AABS1=020h-07Fh,0A0h-0EFh,0120h-016Fh,01A0h-01EFh,0220h-026Fh,02A0h-02EFh,0320h-032Fh \
  -ASFR0=00h-01Fh -ASFR1=080h-09Fh -ASFR2=0100h-011Fh -ASFR3=0180h-019Fh \
  -ASFR4=0200h-021Fh -ASFR5=0280h-029Fh -ASFR6=0300h-031Fh \
  -ASFR7=0380h-03EFh -ASFR8=0400h-046Fh -ASFR9=0480h-04EFh \
  -ASFR10=0500h-056Fh -ASFR11=0580h-05EFh -ASFR12=0600h-066Fh \
  -ASFR13=0680h-06EFh -ASFR14=0700h-076Fh -ASFR15=0780h-07EFh \
  -ASFR16=0800h-086Fh -ASFR17=0880h-08EFh -ASFR18=0900h-096Fh \
  -ASFR19=0980h-09EFh -ASFR20=0A00h-0A6Fh -ASFR21=0A80h-0AEFh \
  -ASFR22=0B00h-0B6Fh -ASFR23=0B80h-0BEFh -ASFR24=0C00h-0C6Fh \
  -ASFR25=0C80h-0CEFh -ASFR26=0D00h-0D6Fh -ASFR27=0D80h-0DEFh \
  -ASFR28=0E00h-0E6Fh -ASFR29=0E80h-0EEFh -ASFR30=0F00h-0F6Fh \
  -ASFR31=0F80h-0FEFh -preset_vec=00h,intentry=04h,init,end_init \
  -ppowerup=CODE -pcinit=CODE -pfunctab=CODE -ACONFIG=08007h-08008h \
  -pconfig=CONFIG -DCONFIG=2 -AIDLOC=08000h-08003h -pidloc=IDLOC -DIDLOC=2 \
  -AEEDATA=00h-0FFh/0F000h -peeprom_data=EEDATA -DEEDATA=2 -DCODE=2 \
  -DSTRCODE=2 -DSTRING=2 -DCONST=2 -DENTRY=2 -k \
  C:\Users\c16826\AppData\Local\Temp\s8r8.obj \
  dist/default/production\LF1937-F1.X.production.obj 

Object code version is 3.11

Machine type is 16LF1937



                Name                               Link     Load   Length Selector   Space Scale
C:\Users\c16826\AppData\Local\Temp\s8r8.obj
                end_init                             23       23        2        8       0
                reset_vec                             0        0        2        0       0
                config                             8007     8007        2    1000E       0
dist/default/production\LF1937-F1.X.production.obj
                cinit                                25       25        F        8       0
                intentry                              4        4       1F        8       0
                text7                               2DC      2DC       2F        8       0
                text6                                34       34      10D        8       0
                text5                               246      246       51        8       0
                text4                               297      297       45        8       0
                text3                               141      141       87        8       0
                text2                               1C8      1C8       7E        8       0
                text1                               326      326       17        8       0
                maintext                            30B      30B       1B        8       0
                cstackBANK0                          24       24        4       20       1
                cstackCOMMON                         70       70        D       70       1
                dataBANK0                            28       28        2       20       1
                bssBANK0                             20       20        4       20       1
                stringtext                          33D      33D       10      67A       0
                idataBANK0                          34D      34D        2      69A       0

TOTAL           Name                               Link     Load   Length     Space
        CLASS   STACK          

        CLASS   CODE           
                end_init                             23       23        2         0
                cinit                                25       25        F         0
                intentry                              4        4       1F         0
                reset_vec                             0        0        2         0
                text7                               2DC      2DC       2F         0
                text6                                34       34      10D         0
                text5                               246      246       51         0
                text4                               297      297       45         0
                text3                               141      141       87         0
                text2                               1C8      1C8       7E         0
                text1                               326      326       17         0
                maintext                            30B      30B       1B         0
                idataBANK0                          34D      34D        2         0

        CLASS   STRCODE        
                stringtext                          33D      33D       10         0

        CLASS   STRING         

        CLASS   CONST          

        CLASS   ENTRY          

        CLASS   COMMON         
                cstackCOMMON                         70       70        D         1

        CLASS   BANK0          
                cstackBANK0                          24       24        4         1
                dataBANK0                            28       28        2         1
                bssBANK0                             20       20        4         1

        CLASS   BANK1          

        CLASS   BANK2          

        CLASS   BANK3          

        CLASS   BANK4          

        CLASS   BANK5          

        CLASS   BANK6          

        CLASS   BIGRAM         

        CLASS   RAM            

        CLASS   ABS1           
                abs_s1                               7E       7E        2         1

        CLASS   SFR0           

        CLASS   SFR1           

        CLASS   SFR2           

        CLASS   SFR3           

        CLASS   SFR4           

        CLASS   SFR5           

        CLASS   SFR6           

        CLASS   SFR7           

        CLASS   SFR8           

        CLASS   SFR9           

        CLASS   SFR10          

        CLASS   SFR11          

        CLASS   SFR12          

        CLASS   SFR13          

        CLASS   SFR14          

        CLASS   SFR15          

        CLASS   SFR16          

        CLASS   SFR17          

        CLASS   SFR18          

        CLASS   SFR19          

        CLASS   SFR20          

        CLASS   SFR21          

        CLASS   SFR22          

        CLASS   SFR23          

        CLASS   SFR24          

        CLASS   SFR25          

        CLASS   SFR26          

        CLASS   SFR27          

        CLASS   SFR28          

        CLASS   SFR29          

        CLASS   SFR30          

        CLASS   SFR31          

        CLASS   CONFIG         
                config                             8007     8007        2         0

        CLASS   IDLOC          

        CLASS   EEDATA         

        CLASS   BANK31         

        CLASS   BANK30         

        CLASS   BANK29         

        CLASS   BANK28         

        CLASS   BANK27         

        CLASS   BANK26         

        CLASS   BANK25         

        CLASS   BANK24         

        CLASS   BANK23         

        CLASS   BANK22         

        CLASS   BANK21         

        CLASS   BANK20         

        CLASS   BANK19         

        CLASS   BANK18         

        CLASS   BANK17         

        CLASS   BANK16         

        CLASS   BANK15         

        CLASS   BANK14         

        CLASS   BANK13         

        CLASS   BANK12         

        CLASS   BANK11         

        CLASS   BANK10         

        CLASS   BANK9          

        CLASS   BANK8          

        CLASS   BANK7          



SEGMENTS        Name                           Load    Length   Top    Selector   Space  Class     Delta

                reset_vec                      000000  000002  000002         0       0  CODE        2
                intentry                       000004  000339  00033D         8       0  CODE        2
                bssBANK0                       000020  00000A  00002A        20       1  BANK0       1
                cstackCOMMON                   000070  00000D  00007D        70       1  COMMON      1
                stringtext                     00033D  000010  00034D       67A       0  STRCODE     2
                idataBANK0                     00034D  000002  00034F       69A       0  CODE        2
                config                         008007  000002  008009     1000E       0  CONFIG      2


UNUSED ADDRESS RANGES

        Name                Unused          Largest block    Delta
        BANK0            0002A-0006F              46           1
        BANK1            000A0-000EF              50           1
        BANK2            00120-0016F              50           1
        BANK3            001A0-001EF              50           1
        BANK4            00220-0026F              50           1
        BANK5            002A0-002EF              50           1
        BANK6            00320-0032F              10           1
        BIGRAM           02000-021EF             1F0           1
        CODE             00002-00003               2           2
                         0034F-01FFF             800
        COMMON           0007D-0007D               1           1
        CONST            00002-00003               2           2
                         0034F-01FFF             100
        EEDATA           0F000-0F0FF             100           2
        ENTRY            00002-00003               2           2
                         0034F-01FFF             100
        IDLOC            08000-08003               4           2
        RAM              0002A-0006F              46           1
                         000A0-000EF              50
                         00120-0016F              50
                         001A0-001EF              50
                         00220-0026F              50
                         002A0-002EF              50
                         00320-0032F              10
        SFR0             00000-0001F              20           1
        SFR1             00080-0009F              20           1
        SFR10            00500-0056F              70           1
        SFR11            00580-005EF              70           1
        SFR12            00600-0066F              70           1
        SFR13            00680-006EF              70           1
        SFR14            00700-0076F              70           1
        SFR15            00780-007EF              70           1
        SFR16            00800-0086F              70           1
        SFR17            00880-008EF              70           1
        SFR18            00900-0096F              70           1
        SFR19            00980-009EF              70           1
        SFR2             00100-0011F              20           1
        SFR20            00A00-00A6F              70           1
        SFR21            00A80-00AEF              70           1
        SFR22            00B00-00B6F              70           1
        SFR23            00B80-00BEF              70           1
        SFR24            00C00-00C6F              70           1
        SFR25            00C80-00CEF              70           1
        SFR26            00D00-00D6F              70           1
        SFR27            00D80-00DEF              70           1
        SFR28            00E00-00E6F              70           1
        SFR29            00E80-00EEF              70           1
        SFR3             00180-0019F              20           1
        SFR30            00F00-00F6F              70           1
        SFR31            00F80-00FEF              70           1
        SFR4             00200-0021F              20           1
        SFR5             00280-0029F              20           1
        SFR6             00300-0031F              20           1
        SFR7             00380-003EF              70           1
        SFR8             00400-0046F              70           1
        SFR9             00480-004EF              70           1
        STACK            0200A-021EF             1E6           1
        STRCODE          00002-00003               2           2
                         0034F-01FFF            1CB1
        STRING           00002-00003               2           2
                         0034F-01FFF             100

                                  Symbol Table

?___awdiv                    cstackCOMMON 00071
?___awmod                    cstackCOMMON 00071
_ADCON0                      (abs)        0009D
_ADCON0bits                  (abs)        0009D
_ADCON1                      (abs)        0009E
_ADRESH                      (abs)        0009C
_ADRESL                      (abs)        0009B
_ANSELAbits                  (abs)        0018C
_ANSELBbits                  (abs)        0018D
_ANSELDbits                  (abs)        0018F
_GIE                         (abs)        0005F
_LATDbits                    (abs)        0010F
_LCDCON                      (abs)        00791
_LCDCONbits                  (abs)        00791
_LCDCST                      (abs)        00794
_LCDDATA0                    (abs)        007A0
_LCDDATA1                    (abs)        007A1
_LCDDATA10                   (abs)        007AA
_LCDDATA11                   (abs)        007AB
_LCDDATA2                    (abs)        007A2
_LCDDATA3                    (abs)        007A3
_LCDDATA4                    (abs)        007A4
_LCDDATA5                    (abs)        007A5
_LCDDATA6                    (abs)        007A6
_LCDDATA7                    (abs)        007A7
_LCDDATA8                    (abs)        007A8
_LCDDATA9                    (abs)        007A9
_LCDEN                       (abs)        03C8F
_LCDIE                       (abs)        00492
_LCDIF                       (abs)        00092
_LCDIRE                      (abs)        03C9F
_LCDIRI                      (abs)        03C9D
_LCDIRS                      (abs)        03C9E
_LCDPS                       (abs)        00792
_LCDPSbits                   (abs)        00792
_LCDREF                      (abs)        00793
_LCDRL                       (abs)        00795
_LCDSE0                      (abs)        00798
_LCDSE1                      (abs)        00799
_LCDSE2                      (abs)        0079A
_OSCCON                      (abs)        00099
_PEIE                        (abs)        0005E
_PIE1bits                    (abs)        00091
_PIR1bits                    (abs)        00011
_PORTC                       (abs)        0000E
_PORTD                       (abs)        0000F
_PORTE                       (abs)        00010
_SEG0COM0                    (abs)        03D00
_SEG0COM1                    (abs)        03D18
_SEG0COM2                    (abs)        03D30
_SEG0COM3                    (abs)        03D48
_SEG10COM0                   (abs)        03D0A
_SEG10COM1                   (abs)        03D22
_SEG10COM2                   (abs)        03D3A
_SEG10COM3                   (abs)        03D52
_SEG12COM0                   (abs)        03D0C
_SEG12COM1                   (abs)        03D24
_SEG12COM2                   (abs)        03D3C
_SEG12COM3                   (abs)        03D54
_SEG16COM0                   (abs)        03D10
_SEG16COM1                   (abs)        03D28
_SEG16COM2                   (abs)        03D40
_SEG17COM0                   (abs)        03D11
_SEG17COM1                   (abs)        03D29
_SEG17COM2                   (abs)        03D41
_SEG17COM3                   (abs)        03D59
_SEG1COM0                    (abs)        03D01
_SEG1COM1                    (abs)        03D19
_SEG1COM2                    (abs)        03D31
_SEG1COM3                    (abs)        03D49
_SEG20COM0                   (abs)        03D14
_SEG20COM1                   (abs)        03D2C
_SEG20COM2                   (abs)        03D44
_SEG20COM3                   (abs)        03D5C
_SEG2COM0                    (abs)        03D02
_SEG2COM1                    (abs)        03D1A
_SEG2COM2                    (abs)        03D32
_SEG2COM3                    (abs)        03D4A
_SEG4COM0                    (abs)        03D04
_SEG4COM1                    (abs)        03D1C
_SEG4COM2                    (abs)        03D34
_SEG4COM3                    (abs)        03D4C
_SEG5COM0                    (abs)        03D05
_SEG5COM1                    (abs)        03D1D
_SEG5COM2                    (abs)        03D35
_SEG5COM3                    (abs)        03D4D
_SLPEN                       (abs)        03C8E
_T1CON                       (abs)        00018
_T1CONbits                   (abs)        00018
_T1GCON                      (abs)        00019
_T1OSCEN                     (abs)        000C3
_TMR1H                       (abs)        00017
_TMR1L                       (abs)        00016
_TRISCbits                   (abs)        0008E
_TRISDbits                   (abs)        0008F
_TRISEbits                   (abs)        00090
_WA                          (abs)        03C94
_WERR                        (abs)        03C8D
_WFT                         (abs)        03C97
__CFG_BOREN$OFF              (abs)        00000
__CFG_BORV$LO                (abs)        00000
__CFG_CLKOUTEN$ON            (abs)        00000
__CFG_CP$OFF                 (abs)        00000
__CFG_CPD$OFF                (abs)        00000
__CFG_FCMEN$OFF              (abs)        00000
__CFG_FOSC$INTOSC            (abs)        00000
__CFG_IESO$OFF               (abs)        00000
__CFG_LVP$ON                 (abs)        00000
__CFG_MCLRE$ON               (abs)        00000
__CFG_PLLEN$ON               (abs)        00000
__CFG_PWRTE$OFF              (abs)        00000
__CFG_STVREN$ON              (abs)        00000
__CFG_WDTE$OFF               (abs)        00000
__CFG_WRT$OFF                (abs)        00000
__Habs1                      abs1         00000
__Hbank0                     bank0        00000
__Hbank1                     bank1        00000
__Hbank10                    bank10       00000
__Hbank11                    bank11       00000
__Hbank12                    bank12       00000
__Hbank13                    bank13       00000
__Hbank14                    bank14       00000
__Hbank15                    bank15       00000
__Hbank16                    bank16       00000
__Hbank17                    bank17       00000
__Hbank18                    bank18       00000
__Hbank19                    bank19       00000
__Hbank2                     bank2        00000
__Hbank20                    bank20       00000
__Hbank21                    bank21       00000
__Hbank22                    bank22       00000
__Hbank23                    bank23       00000
__Hbank24                    bank24       00000
__Hbank25                    bank25       00000
__Hbank26                    bank26       00000
__Hbank27                    bank27       00000
__Hbank28                    bank28       00000
__Hbank29                    bank29       00000
__Hbank3                     bank3        00000
__Hbank30                    bank30       00000
__Hbank31                    bank31       00000
__Hbank4                     bank4        00000
__Hbank5                     bank5        00000
__Hbank6                     bank6        00000
__Hbank7                     bank7        00000
__Hbank8                     bank8        00000
__Hbank9                     bank9        00000
__Hbigram                    bigram       00000
__HbssBANK0                  bssBANK0     00000
__Hcinit                     cinit        00034
__Hclrtext                   clrtext      00000
__Hcode                      code         00000
__Hcommon                    common       00000
__Hconfig                    config       08009
__HcstackBANK0               cstackBANK0  00000
__HcstackCOMMON              cstackCOMMON 00000
__HdataBANK0                 dataBANK0    00000
__Heeprom_data               eeprom_data  00000
__Hend_init                  end_init     00025
__Hfunctab                   functab      00000
__HidataBANK0                idataBANK0   00000
__Hidloc                     idloc        00000
__Hinit                      init         00023
__Hintentry                  intentry     00023
__Hmaintext                  maintext     00000
__Hpowerup                   powerup      00000
__Hram                       ram          00000
__Hreset_vec                 reset_vec    00002
__Hsfr0                      sfr0         00000
__Hsfr1                      sfr1         00000
__Hsfr10                     sfr10        00000
__Hsfr11                     sfr11        00000
__Hsfr12                     sfr12        00000
__Hsfr13                     sfr13        00000
__Hsfr14                     sfr14        00000
__Hsfr15                     sfr15        00000
__Hsfr16                     sfr16        00000
__Hsfr17                     sfr17        00000
__Hsfr18                     sfr18        00000
__Hsfr19                     sfr19        00000
__Hsfr2                      sfr2         00000
__Hsfr20                     sfr20        00000
__Hsfr21                     sfr21        00000
__Hsfr22                     sfr22        00000
__Hsfr23                     sfr23        00000
__Hsfr24                     sfr24        00000
__Hsfr25                     sfr25        00000
__Hsfr26                     sfr26        00000
__Hsfr27                     sfr27        00000
__Hsfr28                     sfr28        00000
__Hsfr29                     sfr29        00000
__Hsfr3                      sfr3         00000
__Hsfr30                     sfr30        00000
__Hsfr31                     sfr31        00000
__Hsfr4                      sfr4         00000
__Hsfr5                      sfr5         00000
__Hsfr6                      sfr6         00000
__Hsfr7                      sfr7         00000
__Hsfr8                      sfr8         00000
__Hsfr9                      sfr9         00000
__Hspace_0                   (abs)        08009
__Hspace_1                   (abs)        0007D
__Hspace_2                   (abs)        00000
__Hspace_3                   (abs)        00000
__Hstack                     stack        00000
__Hstrings                   strings      00000
__Hstringtext                stringtext   00000
__Htext                      text         00000
__Labs1                      abs1         00000
__Lbank0                     bank0        00000
__Lbank1                     bank1        00000
__Lbank10                    bank10       00000
__Lbank11                    bank11       00000
__Lbank12                    bank12       00000
__Lbank13                    bank13       00000
__Lbank14                    bank14       00000
__Lbank15                    bank15       00000
__Lbank16                    bank16       00000
__Lbank17                    bank17       00000
__Lbank18                    bank18       00000
__Lbank19                    bank19       00000
__Lbank2                     bank2        00000
__Lbank20                    bank20       00000
__Lbank21                    bank21       00000
__Lbank22                    bank22       00000
__Lbank23                    bank23       00000
__Lbank24                    bank24       00000
__Lbank25                    bank25       00000
__Lbank26                    bank26       00000
__Lbank27                    bank27       00000
__Lbank28                    bank28       00000
__Lbank29                    bank29       00000
__Lbank3                     bank3        00000
__Lbank30                    bank30       00000
__Lbank31                    bank31       00000
__Lbank4                     bank4        00000
__Lbank5                     bank5        00000
__Lbank6                     bank6        00000
__Lbank7                     bank7        00000
__Lbank8                     bank8        00000
__Lbank9                     bank9        00000
__Lbigram                    bigram       00000
__LbssBANK0                  bssBANK0     00000
__Lcinit                     cinit        00025
__Lclrtext                   clrtext      00000
__Lcode                      code         00000
__Lcommon                    common       00000
__Lconfig                    config       08007
__LcstackBANK0               cstackBANK0  00000
__LcstackCOMMON              cstackCOMMON 00000
__LdataBANK0                 dataBANK0    00000
__Leeprom_data               eeprom_data  00000
__Lend_init                  end_init     00023
__Lfunctab                   functab      00000
__LidataBANK0                idataBANK0   00000
__Lidloc                     idloc        00000
__Linit                      init         00023
__Lintentry                  intentry     00004
__Lmaintext                  maintext     00000
__Lpowerup                   powerup      00000
__Lram                       ram          00000
__Lreset_vec                 reset_vec    00000
__Lsfr0                      sfr0         00000
__Lsfr1                      sfr1         00000
__Lsfr10                     sfr10        00000
__Lsfr11                     sfr11        00000
__Lsfr12                     sfr12        00000
__Lsfr13                     sfr13        00000
__Lsfr14                     sfr14        00000
__Lsfr15                     sfr15        00000
__Lsfr16                     sfr16        00000
__Lsfr17                     sfr17        00000
__Lsfr18                     sfr18        00000
__Lsfr19                     sfr19        00000
__Lsfr2                      sfr2         00000
__Lsfr20                     sfr20        00000
__Lsfr21                     sfr21        00000
__Lsfr22                     sfr22        00000
__Lsfr23                     sfr23        00000
__Lsfr24                     sfr24        00000
__Lsfr25                     sfr25        00000
__Lsfr26                     sfr26        00000
__Lsfr27                     sfr27        00000
__Lsfr28                     sfr28        00000
__Lsfr29                     sfr29        00000
__Lsfr3                      sfr3         00000
__Lsfr30                     sfr30        00000
__Lsfr31                     sfr31        00000
__Lsfr4                      sfr4         00000
__Lsfr5                      sfr5         00000
__Lsfr6                      sfr6         00000
__Lsfr7                      sfr7         00000
__Lsfr8                      sfr8         00000
__Lsfr9                      sfr9         00000
__Lspace_0                   (abs)        00000
__Lspace_1                   (abs)        00000
__Lspace_2                   (abs)        00000
__Lspace_3                   (abs)        00000
__Lstack                     stack        00000
__Lstrings                   strings      00000
__Lstringtext                stringtext   00000
__Ltext                      text         00000
__S0                         (abs)        08009
__S1                         (abs)        0007D
__S2                         (abs)        00000
__S3                         (abs)        00000
___awdiv                     text5        00246
___awdiv@counter             cstackCOMMON 00076
___awdiv@dividend            cstackCOMMON 00073
___awdiv@divisor             cstackCOMMON 00071
___awdiv@quotient            cstackCOMMON 00078
___awdiv@sign                cstackCOMMON 00077
___awmod                     text4        00297
___awmod@counter             cstackCOMMON 00076
___awmod@dividend            cstackCOMMON 00073
___awmod@divisor             cstackCOMMON 00071
___awmod@sign                cstackCOMMON 00077
___int_sp                    stack        00000
___latbits                   (abs)        00002
___sp                        stack        00000
__end_of___awdiv             text5        00297
__end_of___awmod             text4        002DC
__end_of__initialization     cinit        00030
__end_of_device_init         text6        00141
__end_of_display_int         text2        00246
__end_of_display_pot         text1        0033D
__end_of_isr                 intentry     00023
__end_of_lcd_display_digits  text3        001C8
__end_of_lcd_init            text7        0030B
__end_of_main                maintext     00326
__end_of_segment_data        stringtext   0034D
__initialization             cinit        00025
__pbssBANK0                  bssBANK0     00020
__pcstackBANK0               cstackBANK0  00024
__pcstackCOMMON              cstackCOMMON 00070
__pdataBANK0                 dataBANK0    00028
__pidataBANK0                idataBANK0   0034D
__pintentry                  intentry     00004
__pmaintext                  maintext     0030B
__pstringtext                stringtext   0033D
__ptext1                     text1        00326
__ptext2                     text2        001C8
__ptext3                     text3        00141
__ptext4                     text4        00297
__ptext5                     text5        00246
__ptext6                     text6        00034
__ptext7                     text7        002DC
__size_of___awdiv            (abs)        00000
__size_of___awmod            (abs)        00000
__size_of_device_init        (abs)        00000
__size_of_display_int        (abs)        00000
__size_of_display_pot        (abs)        00000
__size_of_isr                (abs)        00000
__size_of_lcd_display_digits (abs)        00000
__size_of_lcd_init           (abs)        00000
__size_of_main               (abs)        00000
_device_init                 text6        00034
_display_int                 text2        001C8
_display_pot                 text1        00326
_isr                         intentry     00004
_lcd_display_digits          text3        00141
_lcd_init                    text7        002DC
_main                        maintext     0030B
_segment_data                stringtext   0033D
_temp                        bssBANK0     00022
btemp                        (abs)        0007E
display_int@bcd              cstackBANK0  00024
display_int@t                cstackCOMMON 0007A
display_pot@p                cstackBANK0  00026
end_of_initialization        cinit        00030
int$flags                    (abs)        0007E
intlevel0                    functab      00000
intlevel1                    functab      00000
intlevel2                    functab      00000
intlevel3                    functab      00000
intlevel4                    functab      00000
intlevel5                    functab      00000
lcd_display_digits@b         cstackCOMMON 00071
lcd_display_digits@val       cstackCOMMON 00074
reset_vec                    reset_vec    00000
stackhi                      (abs)        021EF
stacklo                      (abs)        0200A
start                        init         00023
start_initialization         cinit        00025
wtemp0                       (abs)        0007E


FUNCTION INFORMATION:

 *************** function _main *****************
 Defined at:
		line 17 in file "newmain.c"
 Parameters:    Size  Location     Type
		None
 Auto vars:     Size  Location     Type
		None
 Return value:  Size  Location     Type
                  1    wreg      void 
 Registers used:
		wreg, fsr0l, fsr0h, status,2, status,0, pclath, cstack
 Tracked objects:
		On entry : 
		On exit  : 
		Unchanged: 
 Data sizes:     COMMON   BANK0   BANK1   BANK2   BANK3   BANK4   BANK5   BANK6
      Params:         0       0       0       0       0       0       0       0
      Locals:         0       0       0       0       0       0       0       0
      Temps:          0       0       0       0       0       0       0       0
      Totals:         0       0       0       0       0       0       0       0
Total ram usage:        0 bytes
 Hardware stack levels required when called:    4
 This function calls:
		_device_init
		_display_pot
 This function is called by:
		Startup code after reset
 This function uses a non-reentrant model


 *************** function _display_pot *****************
 Defined at:
		line 90 in file "newmain.c"
 Parameters:    Size  Location     Type
  p               2    2[BANK0 ] int 
 Auto vars:     Size  Location     Type
		None
 Return value:  Size  Location     Type
                  1    wreg      void 
 Registers used:
		wreg, fsr0l, fsr0h, status,2, status,0, pclath, cstack
 Tracked objects:
		On entry : 
		On exit  : 
		Unchanged: 
 Data sizes:     COMMON   BANK0   BANK1   BANK2   BANK3   BANK4   BANK5   BANK6
      Params:         0       2       0       0       0       0       0       0
      Locals:         0       0       0       0       0       0       0       0
      Temps:          0       0       0       0       0       0       0       0
      Totals:         0       2       0       0       0       0       0       0
Total ram usage:        2 bytes
 Hardware stack levels used:    1
 Hardware stack levels required when called:    3
 This function calls:
		_display_int
 This function is called by:
		_main
 This function uses a non-reentrant model


 *************** function _display_int *****************
 Defined at:
		line 109 in file "newmain.c"
 Parameters:    Size  Location     Type
  t               2   10[COMMON] int 
 Auto vars:     Size  Location     Type
  bcd             2    0[BANK0 ] struct .
 Return value:  Size  Location     Type
                  1    wreg      unsigned char 
 Registers used:
		wreg, fsr0l, fsr0h, status,2, status,0, pclath, cstack
 Tracked objects:
		On entry : 
		On exit  : 
		Unchanged: 
 Data sizes:     COMMON   BANK0   BANK1   BANK2   BANK3   BANK4   BANK5   BANK6
      Params:         2       0       0       0       0       0       0       0
      Locals:         0       2       0       0       0       0       0       0
      Temps:          1       0       0       0       0       0       0       0
      Totals:         3       2       0       0       0       0       0       0
Total ram usage:        5 bytes
 Hardware stack levels used:    1
 Hardware stack levels required when called:    2
 This function calls:
		___awdiv
		___awmod
		_lcd_display_digits
 This function is called by:
		_display_pot
 This function uses a non-reentrant model


 *************** function _lcd_display_digits *****************
 Defined at:
		line 122 in file "newmain.c"
 Parameters:    Size  Location     Type
  b               2    1[COMMON] struct .
 Auto vars:     Size  Location     Type
  val             1    4[COMMON] unsigned char 
 Return value:  Size  Location     Type
                  1    wreg      unsigned char 
 Registers used:
		wreg, fsr0l, fsr0h, status,2, status,0, pclath
 Tracked objects:
		On entry : 
		On exit  : 
		Unchanged: 
 Data sizes:     COMMON   BANK0   BANK1   BANK2   BANK3   BANK4   BANK5   BANK6
      Params:         2       0       0       0       0       0       0       0
      Locals:         1       0       0       0       0       0       0       0
      Temps:          1       0       0       0       0       0       0       0
      Totals:         4       0       0       0       0       0       0       0
Total ram usage:        4 bytes
 Hardware stack levels used:    1
 Hardware stack levels required when called:    1
 This function calls:
		Nothing
 This function is called by:
		_display_int
 This function uses a non-reentrant model


 *************** function ___awmod *****************
 Defined at:
		line 6 in file "C:\Program Files (x86)\Microchip\xc8\v1.40\sources\common\awmod.c"
 Parameters:    Size  Location     Type
  divisor         2    1[COMMON] int 
  dividend        2    3[COMMON] int 
 Auto vars:     Size  Location     Type
  sign            1    7[COMMON] unsigned char 
  counter         1    6[COMMON] unsigned char 
 Return value:  Size  Location     Type
                  2    1[COMMON] int 
 Registers used:
		wreg, status,2, status,0
 Tracked objects:
		On entry : 
		On exit  : 
		Unchanged: 
 Data sizes:     COMMON   BANK0   BANK1   BANK2   BANK3   BANK4   BANK5   BANK6
      Params:         4       0       0       0       0       0       0       0
      Locals:         2       0       0       0       0       0       0       0
      Temps:          1       0       0       0       0       0       0       0
      Totals:         7       0       0       0       0       0       0       0
Total ram usage:        7 bytes
 Hardware stack levels used:    1
 Hardware stack levels required when called:    1
 This function calls:
		Nothing
 This function is called by:
		_display_int
 This function uses a non-reentrant model


 *************** function ___awdiv *****************
 Defined at:
		line 6 in file "C:\Program Files (x86)\Microchip\xc8\v1.40\sources\common\awdiv.c"
 Parameters:    Size  Location     Type
  divisor         2    1[COMMON] int 
  dividend        2    3[COMMON] int 
 Auto vars:     Size  Location     Type
  quotient        2    8[COMMON] int 
  sign            1    7[COMMON] unsigned char 
  counter         1    6[COMMON] unsigned char 
 Return value:  Size  Location     Type
                  2    1[COMMON] int 
 Registers used:
		wreg, status,2, status,0
 Tracked objects:
		On entry : 
		On exit  : 
		Unchanged: 
 Data sizes:     COMMON   BANK0   BANK1   BANK2   BANK3   BANK4   BANK5   BANK6
      Params:         4       0       0       0       0       0       0       0
      Locals:         4       0       0       0       0       0       0       0
      Temps:          1       0       0       0       0       0       0       0
      Totals:         9       0       0       0       0       0       0       0
Total ram usage:        9 bytes
 Hardware stack levels used:    1
 Hardware stack levels required when called:    1
 This function calls:
		Nothing
 This function is called by:
		_display_int
 This function uses a non-reentrant model


 *************** function _device_init *****************
 Defined at:
		line 391 in file "newmain.c"
 Parameters:    Size  Location     Type
		None
 Auto vars:     Size  Location     Type
		None
 Return value:  Size  Location     Type
                  1    wreg      void 
 Registers used:
		wreg, status,2, status,0, pclath, cstack
 Tracked objects:
		On entry : 
		On exit  : 
		Unchanged: 
 Data sizes:     COMMON   BANK0   BANK1   BANK2   BANK3   BANK4   BANK5   BANK6
      Params:         0       0       0       0       0       0       0       0
      Locals:         0       0       0       0       0       0       0       0
      Temps:          0       0       0       0       0       0       0       0
      Totals:         0       0       0       0       0       0       0       0
Total ram usage:        0 bytes
 Hardware stack levels used:    1
 Hardware stack levels required when called:    2
 This function calls:
		_lcd_init
 This function is called by:
		_main
 This function uses a non-reentrant model


 *************** function _lcd_init *****************
 Defined at:
		line 28 in file "newmain.c"
 Parameters:    Size  Location     Type
		None
 Auto vars:     Size  Location     Type
		None
 Return value:  Size  Location     Type
                  1    wreg      void 
 Registers used:
		wreg, status,2, status,0
 Tracked objects:
		On entry : 
		On exit  : 
		Unchanged: 
 Data sizes:     COMMON   BANK0   BANK1   BANK2   BANK3   BANK4   BANK5   BANK6
      Params:         0       0       0       0       0       0       0       0
      Locals:         0       0       0       0       0       0       0       0
      Temps:          0       0       0       0       0       0       0       0
      Totals:         0       0       0       0       0       0       0       0
Total ram usage:        0 bytes
 Hardware stack levels used:    1
 Hardware stack levels required when called:    1
 This function calls:
		Nothing
 This function is called by:
		_device_init
 This function uses a non-reentrant model


 *************** function _isr *****************
 Defined at:
		line 357 in file "newmain.c"
 Parameters:    Size  Location     Type
		None
 Auto vars:     Size  Location     Type
		None
 Return value:  Size  Location     Type
                  1    wreg      void 
 Registers used:
		wreg, status,2
 Tracked objects:
		On entry : 
		On exit  : 
		Unchanged: 
 Data sizes:     COMMON   BANK0   BANK1   BANK2   BANK3   BANK4   BANK5   BANK6
      Params:         0       0       0       0       0       0       0       0
      Locals:         0       0       0       0       0       0       0       0
      Temps:          1       0       0       0       0       0       0       0
      Totals:         1       0       0       0       0       0       0       0
Total ram usage:        1 bytes
 Hardware stack levels used:    1
 This function calls:
		Nothing
 This function is called by:
		Interrupt level 1
 This function uses a non-reentrant model



MODULE INFORMATION

Module		Function		Class		Link	Load	Size
newmain.c
		_lcd_display_digits		CODE           	0141	0000	136
		_display_int   		CODE           	01C8	0000	127
		_display_pot   		CODE           	0326	0000	24
		_main          		CODE           	030B	0000	28
		_isr           		CODE           	0004	0000	32
		_device_init   		CODE           	0034	0000	270
		_lcd_init      		CODE           	02DC	0000	48

newmain.c estimated size: 665

C:\Program Files (x86)\Microchip\xc8\v1.40\sources\common\awmod.c
		___awmod       		CODE           	0297	0000	70

C:\Program Files (x86)\Microchip\xc8\v1.40\sources\common\awmod.c estimated size: 70

shared
		_segment_data  		STRCODE        	033D	0000	17
		__initialization		CODE           	0025	0000	12

shared estimated size: 29

C:\Program Files (x86)\Microchip\xc8\v1.40\sources\common\awdiv.c
		___awdiv       		CODE           	0246	0000	82

C:\Program Files (x86)\Microchip\xc8\v1.40\sources\common\awdiv.c estimated size: 82

